// Jest Snapshot v1, https://goo.gl/fbAQLP

exports[`Stepper renders correctly with custom value 1`] = `
<View
  style={
    Object {
      "alignItems": "center",
      "backgroundColor": "#9191A1",
      "borderRadius": 50,
      "bottom": 16.428571428571427,
      "flexDirection": "row",
      "height": 80,
      "justifyContent": "space-evenly",
      "position": "absolute",
      "right": 15,
      "width": 200,
    }
  }
>
  <View
    accessible={true}
    collapsable={false}
    focusable={false}
    onClick={[Function]}
    onResponderGrant={[Function]}
    onResponderMove={[Function]}
    onResponderRelease={[Function]}
    onResponderTerminate={[Function]}
    onResponderTerminationRequest={[Function]}
    onStartShouldSetResponder={[Function]}
    style={
      Object {
        "alignItems": "center",
        "height": 60,
        "justifyContent": "center",
        "opacity": 1,
        "width": 30,
      }
    }
    testID="decrease-button"
  >
    <Text
      style={
        Array [
          Object {
            "fontSize": 32,
            "fontWeight": "600",
          },
          undefined,
          Object {
            "color": "#ffffff",
          },
        ]
      }
    >
      -
    </Text>
  </View>
  <Text
    style={
      Array [
        Object {
          "fontSize": 32,
          "fontWeight": "600",
        },
        undefined,
        Object {
          "color": "#ffffff",
        },
      ]
    }
  >
    3
  </Text>
  <View
    accessible={true}
    collapsable={false}
    focusable={false}
    onClick={[Function]}
    onResponderGrant={[Function]}
    onResponderMove={[Function]}
    onResponderRelease={[Function]}
    onResponderTerminate={[Function]}
    onResponderTerminationRequest={[Function]}
    onStartShouldSetResponder={[Function]}
    style={
      Object {
        "alignItems": "center",
        "height": 60,
        "justifyContent": "center",
        "opacity": 1,
        "width": 30,
      }
    }
    testID="increase-button"
  >
    <Text
      style={
        Array [
          Object {
            "fontSize": 32,
            "fontWeight": "600",
          },
          undefined,
          Object {
            "color": "#ffffff",
          },
        ]
      }
    >
      +
    </Text>
  </View>
</View>
`;

exports[`Stepper renders correctly with value 0 1`] = `
<View
  style={
    Object {
      "alignItems": "center",
      "backgroundColor": "#9191A1",
      "borderRadius": 50,
      "bottom": 16.428571428571427,
      "flexDirection": "row",
      "height": 80,
      "justifyContent": "space-evenly",
      "position": "absolute",
      "right": 15,
      "width": 200,
    }
  }
>
  <View
    accessible={true}
    collapsable={false}
    focusable={false}
    onClick={[Function]}
    onResponderGrant={[Function]}
    onResponderMove={[Function]}
    onResponderRelease={[Function]}
    onResponderTerminate={[Function]}
    onResponderTerminationRequest={[Function]}
    onStartShouldSetResponder={[Function]}
    style={
      Object {
        "alignItems": "center",
        "height": 60,
        "justifyContent": "center",
        "opacity": 1,
        "width": 30,
      }
    }
    testID="decrease-button"
  >
    <Text
      style={
        Array [
          Object {
            "fontSize": 32,
            "fontWeight": "600",
          },
          undefined,
          Object {
            "color": "#ffffff",
          },
        ]
      }
    >
      -
    </Text>
  </View>
  <Text
    style={
      Array [
        Object {
          "fontSize": 32,
          "fontWeight": "600",
        },
        undefined,
        Object {
          "color": "#ffffff",
        },
      ]
    }
  >
    0
  </Text>
  <View
    accessible={true}
    collapsable={false}
    focusable={false}
    onClick={[Function]}
    onResponderGrant={[Function]}
    onResponderMove={[Function]}
    onResponderRelease={[Function]}
    onResponderTerminate={[Function]}
    onResponderTerminationRequest={[Function]}
    onStartShouldSetResponder={[Function]}
    style={
      Object {
        "alignItems": "center",
        "height": 60,
        "justifyContent": "center",
        "opacity": 1,
        "width": 30,
      }
    }
    testID="increase-button"
  >
    <Text
      style={
        Array [
          Object {
            "fontSize": 32,
            "fontWeight": "600",
          },
          undefined,
          Object {
            "color": "#ffffff",
          },
        ]
      }
    >
      +
    </Text>
  </View>
</View>
`;
